CONSUMER_PREFIX 011015eebd058b80a3990fd4
trusting_consumer up: VOLATILE reader; DELTA_FRESH=165 ms
TRACE t=366113111659266 event=SAMPLE rx=0 guid=0110bb04:46898719:fd2844b7:00000203 lv=5.000 dt_ms=0.00
TRACE t=366113144932130 event=SAMPLE rx=1 guid=0110bb04:46898719:fd2844b7:00000203 lv=5.000 dt_ms=33.27
TRACE t=366113178180891 event=SAMPLE rx=2 guid=0110bb04:46898719:fd2844b7:00000203 lv=5.000 dt_ms=33.25
TRACE t=366113211587936 event=SAMPLE rx=3 guid=0110bb04:46898719:fd2844b7:00000203 lv=5.000 dt_ms=33.41
TRACE t=366113244899558 event=SAMPLE rx=4 guid=0110bb04:46898719:fd2844b7:00000203 lv=5.000 dt_ms=33.31
TRACE t=366113278256160 event=SAMPLE rx=5 guid=0110bb04:46898719:fd2844b7:00000203 lv=5.000 dt_ms=33.36
TRACE t=366113311600656 event=SAMPLE rx=6 guid=0110bb04:46898719:fd2844b7:00000203 lv=5.000 dt_ms=33.34
TRACE t=366113344877115 event=SAMPLE rx=7 guid=0110bb04:46898719:fd2844b7:00000203 lv=5.000 dt_ms=33.28
TRACE t=366113378240817 event=SAMPLE rx=8 guid=0110bb04:46898719:fd2844b7:00000203 lv=5.000 dt_ms=33.36
TRACE t=366113411574365 event=SAMPLE rx=9 guid=0110bb04:46898719:fd2844b7:00000203 lv=5.000 dt_ms=33.33
TRACE t=366113444954932 event=SAMPLE rx=10 guid=0110bb04:46898719:fd2844b7:00000203 lv=5.000 dt_ms=33.38
TRACE t=366113478285691 event=SAMPLE rx=11 guid=0110bb04:46898719:fd2844b7:00000203 lv=5.000 dt_ms=33.33
TRACE t=366113511562090 event=SAMPLE rx=12 guid=0110bb04:46898719:fd2844b7:00000203 lv=5.000 dt_ms=33.28
TRACE t=366113544952237 event=SAMPLE rx=13 guid=0110bb04:46898719:fd2844b7:00000203 lv=5.000 dt_ms=33.39
TRACE t=366113578251100 event=SAMPLE rx=14 guid=0110bb04:46898719:fd2844b7:00000203 lv=5.000 dt_ms=33.30
TRACE t=366113611624598 event=SAMPLE rx=15 guid=0110bb04:46898719:fd2844b7:00000203 lv=5.000 dt_ms=33.37
TRACE t=366113644934239 event=SAMPLE rx=16 guid=0110bb04:46898719:fd2844b7:00000203 lv=5.000 dt_ms=33.31
TRACE t=366113678304150 event=SAMPLE rx=17 guid=0110bb04:46898719:fd2844b7:00000203 lv=5.000 dt_ms=33.37
TRACE t=366113711565790 event=SAMPLE rx=18 guid=0110bb04:46898719:fd2844b7:00000203 lv=5.000 dt_ms=33.26
TRACE t=366113744905913 event=SAMPLE rx=19 guid=0110bb04:46898719:fd2844b7:00000203 lv=5.000 dt_ms=33.34
TRACE t=366113778263112 event=SAMPLE rx=20 guid=0110bb04:46898719:fd2844b7:00000203 lv=5.000 dt_ms=33.36
TRACE t=366113811568864 event=SAMPLE rx=21 guid=0110bb04:46898719:fd2844b7:00000203 lv=5.000 dt_ms=33.31
TRACE t=366113844939943 event=SAMPLE rx=22 guid=0110bb04:46898719:fd2844b7:00000203 lv=5.000 dt_ms=33.37
TRACE t=366113878271794 event=SAMPLE rx=23 guid=0110bb04:46898719:fd2844b7:00000203 lv=5.000 dt_ms=33.33
TRACE t=366113911654730 event=SAMPLE rx=24 guid=0110bb04:46898719:fd2844b7:00000203 lv=5.000 dt_ms=33.38
TRACE t=366113944934995 event=SAMPLE rx=25 guid=0110bb04:46898719:fd2844b7:00000203 lv=5.000 dt_ms=33.28
TRACE t=366113978305451 event=SAMPLE rx=26 guid=0110bb04:46898719:fd2844b7:00000203 lv=5.000 dt_ms=33.37
TRACE t=366114011576181 event=SAMPLE rx=27 guid=0110bb04:46898719:fd2844b7:00000203 lv=5.000 dt_ms=33.27
TRACE t=366114044919418 event=SAMPLE rx=28 guid=0110bb04:46898719:fd2844b7:00000203 lv=5.000 dt_ms=33.34
TRACE t=366114078230718 event=SAMPLE rx=29 guid=0110bb04:46898719:fd2844b7:00000203 lv=5.500 dt_ms=33.31
TRACE t=366114111611662 event=SAMPLE rx=30 guid=0110bb04:46898719:fd2844b7:00000203 lv=5.500 dt_ms=33.38
TRACE t=366114144949531 event=SAMPLE rx=31 guid=0110bb04:46898719:fd2844b7:00000203 lv=5.500 dt_ms=33.34
TRACE t=366114178272474 event=SAMPLE rx=32 guid=0110bb04:46898719:fd2844b7:00000203 lv=5.500 dt_ms=33.32
TRACE t=366114211631814 event=SAMPLE rx=33 guid=0110bb04:46898719:fd2844b7:00000203 lv=5.500 dt_ms=33.36
TRACE t=366114244923510 event=SAMPLE rx=34 guid=0110bb04:46898719:fd2844b7:00000203 lv=5.500 dt_ms=33.29
TRACE t=366114278313907 event=SAMPLE rx=35 guid=0110bb04:46898719:fd2844b7:00000203 lv=5.500 dt_ms=33.39
TRACE t=366114311665264 event=SAMPLE rx=36 guid=0110bb04:46898719:fd2844b7:00000203 lv=5.500 dt_ms=33.35
TRACE t=366114344961127 event=SAMPLE rx=37 guid=0110bb04:46898719:fd2844b7:00000203 lv=5.500 dt_ms=33.30
TRACE t=366114378260250 event=SAMPLE rx=38 guid=0110bb04:46898719:fd2844b7:00000203 lv=5.500 dt_ms=33.30
TRACE t=366114411588465 event=SAMPLE rx=39 guid=0110bb04:46898719:fd2844b7:00000203 lv=5.500 dt_ms=33.33
TRACE t=366114444928628 event=SAMPLE rx=40 guid=0110bb04:46898719:fd2844b7:00000203 lv=5.500 dt_ms=33.34
TRACE t=366114478310056 event=SAMPLE rx=41 guid=0110bb04:46898719:fd2844b7:00000203 lv=5.500 dt_ms=33.38
TRACE t=366114511592994 event=SAMPLE rx=42 guid=0110bb04:46898719:fd2844b7:00000203 lv=5.500 dt_ms=33.28
TRACE t=366114544913323 event=SAMPLE rx=43 guid=0110bb04:46898719:fd2844b7:00000203 lv=5.500 dt_ms=33.32
TRACE t=366114578285223 event=SAMPLE rx=44 guid=0110bb04:46898719:fd2844b7:00000203 lv=5.500 dt_ms=33.37
TRACE t=366114611597779 event=SAMPLE rx=45 guid=0110bb04:46898719:fd2844b7:00000203 lv=5.500 dt_ms=33.31
TRACE t=366114644885515 event=SAMPLE rx=46 guid=0110bb04:46898719:fd2844b7:00000203 lv=5.500 dt_ms=33.29
TRACE t=366114678210285 event=SAMPLE rx=47 guid=0110bb04:46898719:fd2844b7:00000203 lv=5.500 dt_ms=33.32
TRACE t=366114711578119 event=SAMPLE rx=48 guid=0110bb04:46898719:fd2844b7:00000203 lv=5.500 dt_ms=33.37
TRACE t=366114744900728 event=SAMPLE rx=49 guid=0110bb04:46898719:fd2844b7:00000203 lv=5.500 dt_ms=33.32
TRACE t=366114778218909 event=SAMPLE rx=50 guid=0110bb04:46898719:fd2844b7:00000203 lv=5.500 dt_ms=33.32
TRACE t=366114811563784 event=SAMPLE rx=51 guid=0110bb04:46898719:fd2844b7:00000203 lv=5.500 dt_ms=33.34
TRACE t=366114844893677 event=SAMPLE rx=52 guid=0110bb04:46898719:fd2844b7:00000203 lv=5.500 dt_ms=33.33
TRACE t=366114878207773 event=SAMPLE rx=53 guid=0110bb04:46898719:fd2844b7:00000203 lv=5.500 dt_ms=33.31
TRACE t=366114911536368 event=SAMPLE rx=54 guid=0110bb04:46898719:fd2844b7:00000203 lv=5.500 dt_ms=33.33
TRACE t=366114944929908 event=SAMPLE rx=55 guid=0110bb04:46898719:fd2844b7:00000203 lv=5.500 dt_ms=33.39
TRACE t=366114978265725 event=SAMPLE rx=56 guid=0110bb04:46898719:fd2844b7:00000203 lv=5.500 dt_ms=33.34
TRACE t=366115011570536 event=SAMPLE rx=57 guid=0110bb04:46898719:fd2844b7:00000203 lv=5.500 dt_ms=33.30
TRACE t=366115044914093 event=SAMPLE rx=58 guid=0110bb04:46898719:fd2844b7:00000203 lv=5.500 dt_ms=33.34
TRACE t=366115078247448 event=SAMPLE rx=59 guid=0110bb04:46898719:fd2844b7:00000203 lv=6.000 dt_ms=33.33
TRACE t=366115111560416 event=SAMPLE rx=60 guid=0110bb04:46898719:fd2844b7:00000203 lv=6.000 dt_ms=33.31
TRACE t=366115284869122 event=STALE src=0110bb04:46898719:fd2844b7:00000203 age_ms=173.3 (DELTA_FRESH=165) <-- freshness property VIOLATED
TRACE t=366115314976222 event=STALE src=0110bb04:46898719:fd2844b7:00000203 age_ms=203.4 (DELTA_FRESH=165) 
TRACE t=366115345071120 event=STALE src=0110bb04:46898719:fd2844b7:00000203 age_ms=233.5 (DELTA_FRESH=165) 
TRACE t=366115375144202 event=STALE src=0110bb04:46898719:fd2844b7:00000203 age_ms=263.6 (DELTA_FRESH=165) 
TRACE t=366115405239606 event=STALE src=0110bb04:46898719:fd2844b7:00000203 age_ms=293.7 (DELTA_FRESH=165) 
TRACE t=366115435340332 event=STALE src=0110bb04:46898719:fd2844b7:00000203 age_ms=323.8 (DELTA_FRESH=165) 
TRACE t=366115465436588 event=STALE src=0110bb04:46898719:fd2844b7:00000203 age_ms=353.9 (DELTA_FRESH=165) 
TRACE t=366115495529609 event=STALE src=0110bb04:46898719:fd2844b7:00000203 age_ms=384.0 (DELTA_FRESH=165) 
TRACE t=366115525613236 event=STALE src=0110bb04:46898719:fd2844b7:00000203 age_ms=414.1 (DELTA_FRESH=165) 
TRACE t=366115555693064 event=STALE src=0110bb04:46898719:fd2844b7:00000203 age_ms=444.1 (DELTA_FRESH=165) 
TRACE t=366115585771520 event=STALE src=0110bb04:46898719:fd2844b7:00000203 age_ms=474.2 (DELTA_FRESH=165) 
TRACE t=366115615846073 event=STALE src=0110bb04:46898719:fd2844b7:00000203 age_ms=504.3 (DELTA_FRESH=165) 
TRACE t=366115645918709 event=STALE src=0110bb04:46898719:fd2844b7:00000203 age_ms=534.4 (DELTA_FRESH=165) 
TRACE t=366115676023616 event=STALE src=0110bb04:46898719:fd2844b7:00000203 age_ms=564.5 (DELTA_FRESH=165) 
TRACE t=366115706103998 event=STALE src=0110bb04:46898719:fd2844b7:00000203 age_ms=594.5 (DELTA_FRESH=165) 
TRACE t=366115736192461 event=STALE src=0110bb04:46898719:fd2844b7:00000203 age_ms=624.6 (DELTA_FRESH=165) 
TRACE t=366115766311812 event=STALE src=0110bb04:46898719:fd2844b7:00000203 age_ms=654.8 (DELTA_FRESH=165) 
TRACE t=366115796423514 event=STALE src=0110bb04:46898719:fd2844b7:00000203 age_ms=684.9 (DELTA_FRESH=165) 
TRACE t=366115826530194 event=STALE src=0110bb04:46898719:fd2844b7:00000203 age_ms=715.0 (DELTA_FRESH=165) 
TRACE t=366115856615990 event=STALE src=0110bb04:46898719:fd2844b7:00000203 age_ms=745.1 (DELTA_FRESH=165) 
TRACE t=366115886714885 event=STALE src=0110bb04:46898719:fd2844b7:00000203 age_ms=775.2 (DELTA_FRESH=165) 
TRACE t=366115916808827 event=STALE src=0110bb04:46898719:fd2844b7:00000203 age_ms=805.2 (DELTA_FRESH=165) 
TRACE t=366115946914483 event=STALE src=0110bb04:46898719:fd2844b7:00000203 age_ms=835.4 (DELTA_FRESH=165) 
TRACE t=366115977030852 event=STALE src=0110bb04:46898719:fd2844b7:00000203 age_ms=865.5 (DELTA_FRESH=165) 
TRACE t=366116007121904 event=STALE src=0110bb04:46898719:fd2844b7:00000203 age_ms=895.6 (DELTA_FRESH=165) 
TRACE t=366116037206293 event=STALE src=0110bb04:46898719:fd2844b7:00000203 age_ms=925.6 (DELTA_FRESH=165) 
TRACE t=366116067290540 event=STALE src=0110bb04:46898719:fd2844b7:00000203 age_ms=955.7 (DELTA_FRESH=165) 
TRACE t=366116097383498 event=STALE src=0110bb04:46898719:fd2844b7:00000203 age_ms=985.8 (DELTA_FRESH=165) 
TRACE t=366116127489431 event=STALE src=0110bb04:46898719:fd2844b7:00000203 age_ms=1015.9 (DELTA_FRESH=165) 
TRACE t=366116157609150 event=STALE src=0110bb04:46898719:fd2844b7:00000203 age_ms=1046.0 (DELTA_FRESH=165) 
TRACE t=366116187702226 event=STALE src=0110bb04:46898719:fd2844b7:00000203 age_ms=1076.1 (DELTA_FRESH=165) 
TRACE t=366116217778184 event=STALE src=0110bb04:46898719:fd2844b7:00000203 age_ms=1106.2 (DELTA_FRESH=165) 
TRACE t=366116247848965 event=STALE src=0110bb04:46898719:fd2844b7:00000203 age_ms=1136.3 (DELTA_FRESH=165) 
TRACE t=366116277934240 event=STALE src=0110bb04:46898719:fd2844b7:00000203 age_ms=1166.4 (DELTA_FRESH=165) 
TRACE t=366116308007105 event=STALE src=0110bb04:46898719:fd2844b7:00000203 age_ms=1196.4 (DELTA_FRESH=165) 
TRACE t=366116338085710 event=STALE src=0110bb04:46898719:fd2844b7:00000203 age_ms=1226.5 (DELTA_FRESH=165) 
TRACE t=366116368183622 event=STALE src=0110bb04:46898719:fd2844b7:00000203 age_ms=1256.6 (DELTA_FRESH=165) 
TRACE t=366116398282697 event=STALE src=0110bb04:46898719:fd2844b7:00000203 age_ms=1286.7 (DELTA_FRESH=165) 
TRACE t=366116428374409 event=STALE src=0110bb04:46898719:fd2844b7:00000203 age_ms=1316.8 (DELTA_FRESH=165) 
TRACE t=366116458455871 event=STALE src=0110bb04:46898719:fd2844b7:00000203 age_ms=1346.9 (DELTA_FRESH=165) 
TRACE t=366116488531201 event=STALE src=0110bb04:46898719:fd2844b7:00000203 age_ms=1377.0 (DELTA_FRESH=165) 
TRACE t=366116518615185 event=STALE src=0110bb04:46898719:fd2844b7:00000203 age_ms=1407.1 (DELTA_FRESH=165) 
TRACE t=366116548706869 event=STALE src=0110bb04:46898719:fd2844b7:00000203 age_ms=1437.1 (DELTA_FRESH=165) 
TRACE t=366116578778198 event=STALE src=0110bb04:46898719:fd2844b7:00000203 age_ms=1467.2 (DELTA_FRESH=165) 
TRACE t=366116608858682 event=STALE src=0110bb04:46898719:fd2844b7:00000203 age_ms=1497.3 (DELTA_FRESH=165) 
TRACE t=366116638964884 event=STALE src=0110bb04:46898719:fd2844b7:00000203 age_ms=1527.4 (DELTA_FRESH=165) 
TRACE t=366116669070453 event=STALE src=0110bb04:46898719:fd2844b7:00000203 age_ms=1557.5 (DELTA_FRESH=165) 
TRACE t=366116699160416 event=STALE src=0110bb04:46898719:fd2844b7:00000203 age_ms=1587.6 (DELTA_FRESH=165) 
TRACE t=366116729251699 event=STALE src=0110bb04:46898719:fd2844b7:00000203 age_ms=1617.7 (DELTA_FRESH=165) 
TRACE t=366116759326112 event=STALE src=0110bb04:46898719:fd2844b7:00000203 age_ms=1647.8 (DELTA_FRESH=165) 
TRACE t=366116789408525 event=STALE src=0110bb04:46898719:fd2844b7:00000203 age_ms=1677.8 (DELTA_FRESH=165) 
TRACE t=366116819506945 event=STALE src=0110bb04:46898719:fd2844b7:00000203 age_ms=1707.9 (DELTA_FRESH=165) 
TRACE t=366116849591793 event=STALE src=0110bb04:46898719:fd2844b7:00000203 age_ms=1738.0 (DELTA_FRESH=165) 
TRACE t=366116879672461 event=STALE src=0110bb04:46898719:fd2844b7:00000203 age_ms=1768.1 (DELTA_FRESH=165) 
TRACE t=366116909774455 event=STALE src=0110bb04:46898719:fd2844b7:00000203 age_ms=1798.2 (DELTA_FRESH=165) 
TRACE t=366116939866787 event=STALE src=0110bb04:46898719:fd2844b7:00000203 age_ms=1828.3 (DELTA_FRESH=165) 
TRACE t=366116969961119 event=STALE src=0110bb04:46898719:fd2844b7:00000203 age_ms=1858.4 (DELTA_FRESH=165) 
TRACE t=366117000014039 event=STALE src=0110bb04:46898719:fd2844b7:00000203 age_ms=1888.5 (DELTA_FRESH=165) 
TRACE t=366117030131468 event=STALE src=0110bb04:46898719:fd2844b7:00000203 age_ms=1918.6 (DELTA_FRESH=165) 
TRACE t=366117060226981 event=STALE src=0110bb04:46898719:fd2844b7:00000203 age_ms=1948.7 (DELTA_FRESH=165) 
TRACE t=366117090309771 event=STALE src=0110bb04:46898719:fd2844b7:00000203 age_ms=1978.7 (DELTA_FRESH=165) 
TRACE t=366117120391928 event=STALE src=0110bb04:46898719:fd2844b7:00000203 age_ms=2008.8 (DELTA_FRESH=165) 
TRACE t=366117150470981 event=STALE src=0110bb04:46898719:fd2844b7:00000203 age_ms=2038.9 (DELTA_FRESH=165) 
TRACE t=366117180547388 event=STALE src=0110bb04:46898719:fd2844b7:00000203 age_ms=2069.0 (DELTA_FRESH=165) 
TRACE t=366117210634679 event=STALE src=0110bb04:46898719:fd2844b7:00000203 age_ms=2099.1 (DELTA_FRESH=165) 
TRACE t=366117240740405 event=STALE src=0110bb04:46898719:fd2844b7:00000203 age_ms=2129.2 (DELTA_FRESH=165) 
TRACE t=366117270834710 event=STALE src=0110bb04:46898719:fd2844b7:00000203 age_ms=2159.3 (DELTA_FRESH=165) 
TRACE t=366117300937528 event=STALE src=0110bb04:46898719:fd2844b7:00000203 age_ms=2189.4 (DELTA_FRESH=165) 
TRACE t=366117331063090 event=STALE src=0110bb04:46898719:fd2844b7:00000203 age_ms=2219.5 (DELTA_FRESH=165) 
TRACE t=366117361155301 event=STALE src=0110bb04:46898719:fd2844b7:00000203 age_ms=2249.6 (DELTA_FRESH=165) 
TRACE t=366117391240041 event=STALE src=0110bb04:46898719:fd2844b7:00000203 age_ms=2279.7 (DELTA_FRESH=165) 
TRACE t=366117421323067 event=STALE src=0110bb04:46898719:fd2844b7:00000203 age_ms=2309.8 (DELTA_FRESH=165) 
TRACE t=366117451403154 event=STALE src=0110bb04:46898719:fd2844b7:00000203 age_ms=2339.8 (DELTA_FRESH=165) 
TRACE t=366117481481207 event=STALE src=0110bb04:46898719:fd2844b7:00000203 age_ms=2369.9 (DELTA_FRESH=165) 
TRACE t=366117511559046 event=STALE src=0110bb04:46898719:fd2844b7:00000203 age_ms=2400.0 (DELTA_FRESH=165) 
TRACE t=366117541641019 event=STALE src=0110bb04:46898719:fd2844b7:00000203 age_ms=2430.1 (DELTA_FRESH=165) 
TRACE t=366117571729770 event=STALE src=0110bb04:46898719:fd2844b7:00000203 age_ms=2460.2 (DELTA_FRESH=165) 
TRACE t=366117601820893 event=STALE src=0110bb04:46898719:fd2844b7:00000203 age_ms=2490.3 (DELTA_FRESH=165) 
TRACE t=366117631941295 event=STALE src=0110bb04:46898719:fd2844b7:00000203 age_ms=2520.4 (DELTA_FRESH=165) 
TRACE t=366117662048399 event=STALE src=0110bb04:46898719:fd2844b7:00000203 age_ms=2550.5 (DELTA_FRESH=165) 
TRACE t=366117692123358 event=STALE src=0110bb04:46898719:fd2844b7:00000203 age_ms=2580.6 (DELTA_FRESH=165) 
TRACE t=366117722203690 event=STALE src=0110bb04:46898719:fd2844b7:00000203 age_ms=2610.6 (DELTA_FRESH=165) 
TRACE t=366117752284852 event=STALE src=0110bb04:46898719:fd2844b7:00000203 age_ms=2640.7 (DELTA_FRESH=165) 
TRACE t=366117782355728 event=STALE src=0110bb04:46898719:fd2844b7:00000203 age_ms=2670.8 (DELTA_FRESH=165) 
TRACE t=366117812432230 event=STALE src=0110bb04:46898719:fd2844b7:00000203 age_ms=2700.9 (DELTA_FRESH=165) 
trusting_consumer: stopped; received 61 samples
